// Jest Snapshot v1, https://goo.gl/fbAQLP

exports[`matches the snapshot 1`] = `
Array [
  <form
    autocomplete="off"
    class="form-signin"
  >
    
  </form>,
  <div
    class="login-footer"
  >
    <div
      class="banner-text-container"
    >
      <div
        class="login-copyright-notice"
      >
        
      </div>
    </div>
  </div>,
]
`;
